a:5:{s:4:"name";s:54:"/var/www/vhosts/rapid.l6.com.br/httpdocs/files/DLU.rar";s:4:"size";s:9:"189.04 MB";s:4:"date";i:1290531627;s:4:"link";s:76:"http://www1091.megaupload.com/files/5cb37e1219d84c5884d1eb69186d4885/DLU.rar";s:7:"comment";s:0:"";}
a:5:{s:4:"name";s:98:"/var/www/vhosts/rapid.l6.com.br/httpdocs/files/Inception.2010.720p.BluRay.x264-CROSSBOW.part01.rar";s:4:"size";s:7:"Unknown";s:4:"date";i:1290681726;s:4:"link";s:90:"http://www.filesonic.com/file/35432629/Inception.2010.720p.BluRay.x264-CROSSBOW.part01.rar";s:7:"comment";s:0:"";}
a:5:{s:4:"name";s:93:"/var/www/vhosts/rapid.l6.com.br/httpdocs/files/HP.2001.720p.BRRip.DerinPort.in-yourfriend.avi";s:4:"size";s:7:"Unknown";s:4:"date";i:1290681759;s:4:"link";s:84:"http://www.fileserve.com/file/yBCWXSe/HP.2001.720p.BRRip.DerinPort.in-yourfriend.avi";s:7:"comment";s:0:"";}
a:5:{s:4:"name";s:77:"/var/www/vhosts/rapid.l6.com.br/httpdocs/files/n0PP_www.baixandolegal.org.rar";s:4:"size";s:9:"101.71 MB";s:4:"date";i:1290862093;s:4:"link";s:97:"http://www74.megaupload.com/files/93eb841ad680b65085d8fad8ea7d6efc/n0PP_www.baixandolegal.org.rar";s:7:"comment";s:0:"";}
a:5:{s:4:"name";s:54:"/var/www/vhosts/rapid.l6.com.br/httpdocs/files/BEvRtpp";s:4:"size";s:7:"Unknown";s:4:"date";i:1292209195;s:4:"link";s:37:"http://www.fileserve.com/file/BEvRtpp";s:7:"comment";s:0:"";}
a:5:{s:4:"name";s:64:"/var/www/vhosts/rapid.l6.com.br/httpdocs/files/C.JDVDRip.avi.002";s:4:"size";s:9:"497.23 MB";s:4:"date";i:1293586558;s:4:"link";s:85:"http://www575.megaupload.com/files/31d80e8774b33ccd729090795b6d4aee/C.JDVDRip.avi.002";s:7:"comment";s:0:"";}
a:5:{s:4:"name";s:64:"/var/www/vhosts/rapid.l6.com.br/httpdocs/files/C.JDVDRip.avi.001";s:4:"size";s:9:"990.00 MB";s:4:"date";i:1293586986;s:4:"link";s:85:"http://www149.megaupload.com/files/2aa8fd7c6fc3cf364a0009f2776d9d90/C.JDVDRip.avi.001";s:7:"comment";s:0:"";}
a:5:{s:4:"name";s:64:"/var/www/vhosts/rapid.l6.com.br/httpdocs/files/twitz-again-a.avi";s:4:"size";s:9:"699.19 MB";s:4:"date";i:1293688846;s:4:"link";s:85:"http://www577.megaupload.com/files/e84e5794ad2565de218fea878d5d2054/twitz-again-a.avi";s:7:"comment";s:0:"";}
a:5:{s:4:"name";s:62:"/var/www/vhosts/rapid.l6.com.br/httpdocs/files/CM2.720.avi.003";s:4:"size";s:9:"909.68 MB";s:4:"date";i:1293689180;s:4:"link";s:83:"http://www152.megaupload.com/files/7c85f7bf39eec5f5c38a3c5cb95d22bd/CM2.720.avi.003";s:7:"comment";s:0:"";}
a:5:{s:4:"name";s:58:"/var/www/vhosts/rapid.l6.com.br/httpdocs/files/dmd-tvh.avi";s:4:"size";s:9:"697.12 MB";s:4:"date";i:1293888201;s:4:"link";s:80:"http://www1361.megaupload.com/files/e6683be2a30309a8dca2d8abb72597a4/dmd-tvh.avi";s:7:"comment";s:0:"";}
a:5:{s:4:"name";s:93:"/var/www/vhosts/rapid.l6.com.br/httpdocs/files/Salve_Geral_DVDRip_x264_Jay-Z_Warezone.biz.avi";s:4:"size";s:9:"799.92 MB";s:4:"date";i:1293888701;s:4:"link";s:114:"http://www342.megaupload.com/files/af3d4aaeea5678e49b90cf7f561d3c05/Salve Geral DVDRip x264 Jay-Z Warezone.biz.avi";s:7:"comment";s:0:"";}
a:5:{s:4:"name";s:62:"/var/www/vhosts/rapid.l6.com.br/httpdocs/files/uhm.480.avi.002";s:4:"size";s:9:"954.52 MB";s:4:"date";i:1294049370;s:4:"link";s:83:"http://www152.megaupload.com/files/cc235ee689486cacb35adaf797ed3fc5/uhm.480.avi.002";s:7:"comment";s:0:"";}
a:5:{s:4:"name";s:87:"/var/www/vhosts/rapid.l6.com.br/httpdocs/files/Esq.Alas-WWW.BESTUNIOM.COM-UP.SCROTO.avi";s:4:"size";s:9:"801.32 MB";s:4:"date";i:1294140519;s:4:"link";s:109:"http://www1361.megaupload.com/files/feb2f0fabbd9c2b0a834770708354675/Esq.Alas-WWW.BESTUNIOM.COM-UP.SCROTO.avi";s:7:"comment";s:0:"";}
a:5:{s:4:"name";s:106:"/var/www/vhosts/rapid.l6.com.br/httpdocs/files/Edward_Sharpe_and_The_Magnetic_Zero_-_From_Below_(2009).rar";s:4:"size";s:9:"125.22 MB";s:4:"date";i:1294190212;s:4:"link";s:127:"http://www872.megaupload.com/files/055509c2403e3b88b1ba637061a55d1c/Edward Sharpe and The Magnetic Zero - From Below (2009).rar";s:7:"comment";s:0:"";}
a:5:{s:4:"name";s:132:"/var/www/vhosts/rapid.l6.com.br/httpdocs/files/Up.By.BlackPeaggy.-.O.Sacrifício.DVDRip.-.XviD.-.Dual.Áudio.-.www.BestUniom.com.avi";s:4:"size";s:9:"802.19 MB";s:4:"date";i:1294191543;s:4:"link";s:166:"http://www1012.megaupload.com/files/4f87f7280aecc562e8bc56d7dec594ed/Up.By.BlackPeaggy.-.O.Sacrif&#00237;cio.DVDRip.-.XviD.-.Dual.&#00193;udio.-.www.BestUniom.com.avi";s:7:"comment";s:0:"";}
a:5:{s:4:"name";s:85:"/var/www/vhosts/rapid.l6.com.br/httpdocs/files/Trailer.Park.of.Terror.by.rick.86.rmvb";s:4:"size";s:9:"388.56 MB";s:4:"date";i:1294362118;s:4:"link";s:107:"http://www1268.megaupload.com/files/32eaf13f7781c375b5377a10b61544e4/Trailer.Park.of.Terror.by.rick.86.rmvb";s:7:"comment";s:0:"";}
a:5:{s:4:"name";s:99:"/var/www/vhosts/rapid.l6.com.br/httpdocs/files/OMDR.DVDRip.XviD.Dual.clubwarez.ws.RickLokinhoOZ.avi";s:4:"size";s:9:"990.84 MB";s:4:"date";i:1294364160;s:4:"link";s:121:"http://www1246.megaupload.com/files/c9762f318c1d1d7bc2693b10af4d95b3/OMDR.DVDRip.XviD.Dual.clubwarez.ws.RickLokinhoOZ.avi";s:7:"comment";s:0:"";}
a:5:{s:4:"name";s:57:"/var/www/vhosts/rapid.l6.com.br/httpdocs/files/YHT20ALBWZ";s:4:"size";s:7:"Unknown";s:4:"date";i:1294417603;s:4:"link";s:37:"http://www.multiupload.com/YHT20ALBWZ";s:7:"comment";s:0:"";}
a:5:{s:4:"name";s:64:"/var/www/vhosts/rapid.l6.com.br/httpdocs/files/Megaby.rick.86.rm";s:4:"size";s:9:"310.53 MB";s:4:"date";i:1294417786;s:4:"link";s:85:"http://www261.megaupload.com/files/873460d2c25f5298177a6622ccbd4ee2/Megaby.rick.86.rm";s:7:"comment";s:0:"";}
a:5:{s:4:"name";s:75:"/var/www/vhosts/rapid.l6.com.br/httpdocs/files/1294418506_Megaby.rick.86.rm";s:4:"size";s:9:"310.53 MB";s:4:"date";i:1294418619;s:4:"link";s:86:"http://www1289.megaupload.com/files/a70c3d04e2670f4ee0ed36c5b8952d2a/Megaby.rick.86.rm";s:7:"comment";s:0:"";}
a:5:{s:4:"name";s:67:"/var/www/vhosts/rapid.l6.com.br/httpdocs/files/TDDUU.by.rick.86.avi";s:4:"size";s:9:"699.81 MB";s:4:"date";i:1294676372;s:4:"link";s:89:"http://www1359.megaupload.com/files/0f04f65f4a6fc41517de79b8eca568b9/TDDUU.by.rick.86.avi";s:7:"comment";s:0:"";}
a:5:{s:4:"name";s:66:"/var/www/vhosts/rapid.l6.com.br/httpdocs/files/Besouro.720.mkv.001";s:4:"size";s:10:"1000.00 MB";s:4:"date";i:1294676695;s:4:"link";s:88:"http://www1303.megaupload.com/files/f1681c94b4032ede563b8a0f45353eb4/Besouro.720.mkv.001";s:7:"comment";s:0:"";}
a:5:{s:4:"name";s:66:"/var/www/vhosts/rapid.l6.com.br/httpdocs/files/Besouro.720.mkv.002";s:4:"size";s:10:"1000.00 MB";s:4:"date";i:1294677706;s:4:"link";s:88:"http://www1364.megaupload.com/files/708cc9a735e7fbed8aa6e711dabd6004/Besouro.720.mkv.002";s:7:"comment";s:0:"";}
a:5:{s:4:"name";s:66:"/var/www/vhosts/rapid.l6.com.br/httpdocs/files/Besouro.720.mkv.003";s:4:"size";s:10:"1000.00 MB";s:4:"date";i:1294678414;s:4:"link";s:88:"http://www1363.megaupload.com/files/65a1959c20caa7d6c50a4ee287e52fcf/Besouro.720.mkv.003";s:7:"comment";s:0:"";}
a:5:{s:4:"name";s:66:"/var/www/vhosts/rapid.l6.com.br/httpdocs/files/Besouro.720.mkv.005";s:4:"size";s:9:"472.00 MB";s:4:"date";i:1294682593;s:4:"link";s:88:"http://www1311.megaupload.com/files/044894574123a61db3413271b7ad99ba/Besouro.720.mkv.005";s:7:"comment";s:0:"";}
a:5:{s:4:"name";s:66:"/var/www/vhosts/rapid.l6.com.br/httpdocs/files/Besouro.720.mkv.004";s:4:"size";s:10:"1000.00 MB";s:4:"date";i:1294683165;s:4:"link";s:88:"http://www1355.megaupload.com/files/caa2d7da8fc9e59045c7846ada7d49ce/Besouro.720.mkv.004";s:7:"comment";s:0:"";}
a:5:{s:4:"name";s:68:"/var/www/vhosts/rapid.l6.com.br/httpdocs/files/True.Grit.SCR.avi.rar";s:4:"size";s:9:"692.98 MB";s:4:"date";i:1294750570;s:4:"link";s:90:"http://www1311.megaupload.com/files/663191ae235aa3e49071d65d23b56c5f/True.Grit.SCR.avi.rar";s:7:"comment";s:0:"";}
a:5:{s:4:"name";s:66:"/var/www/vhosts/rapid.l6.com.br/httpdocs/files/Flipped.720.mkv.001";s:4:"size";s:10:"1000.00 MB";s:4:"date";i:1294751225;s:4:"link";s:87:"http://www916.megaupload.com/files/afb76836eadc5a7cb929a252709d52b0/Flipped.720.mkv.001";s:7:"comment";s:0:"";}
a:5:{s:4:"name";s:66:"/var/www/vhosts/rapid.l6.com.br/httpdocs/files/Flipped.720.mkv.002";s:4:"size";s:10:"1000.00 MB";s:4:"date";i:1294752011;s:4:"link";s:88:"http://www1361.megaupload.com/files/a0596acbe53258815b92ca4d23ad97c4/Flipped.720.mkv.002";s:7:"comment";s:0:"";}
a:5:{s:4:"name";s:66:"/var/www/vhosts/rapid.l6.com.br/httpdocs/files/Flipped.720.mkv.003";s:4:"size";s:10:"1000.00 MB";s:4:"date";i:1294776387;s:4:"link";s:87:"http://www150.megaupload.com/files/2a63ad4e6f089f04ea120f1cf965ab82/Flipped.720.mkv.003";s:7:"comment";s:0:"";}
a:5:{s:4:"name";s:77:"/var/www/vhosts/rapid.l6.com.br/httpdocs/files/1294796809_Flipped.720.mkv.003";s:4:"size";s:10:"1000.00 MB";s:4:"date";i:1294797718;s:4:"link";s:87:"http://www564.megaupload.com/files/a7a029bfe2cb1bf5a0b2dffbf38db8d5/Flipped.720.mkv.003";s:7:"comment";s:0:"";}
a:5:{s:4:"name";s:66:"/var/www/vhosts/rapid.l6.com.br/httpdocs/files/Flipped.720.mkv.005";s:4:"size";s:9:"716.17 MB";s:4:"date";i:1294837738;s:4:"link";s:87:"http://www157.megaupload.com/files/a6b53174e3de033ebac8088ec9756bd3/Flipped.720.mkv.005";s:7:"comment";s:0:"";}
a:5:{s:4:"name";s:66:"/var/www/vhosts/rapid.l6.com.br/httpdocs/files/Flipped.720.mkv.004";s:4:"size";s:10:"1000.00 MB";s:4:"date";i:1294838334;s:4:"link";s:87:"http://www906.megaupload.com/files/2eedb1266b86836c60f1c86e5ff58ce3/Flipped.720.mkv.004";s:7:"comment";s:0:"";}
a:5:{s:4:"name";s:69:"/var/www/vhosts/rapid.l6.com.br/httpdocs/files/Downstream.720.avi.003";s:4:"size";s:9:"491.81 MB";s:4:"date";i:1294935541;s:4:"link";s:90:"http://www520.megaupload.com/files/f0ca0b81b5a139cb3645e74f1d359163/Downstream.720.avi.003";s:7:"comment";s:0:"";}
a:5:{s:4:"name";s:54:"/var/www/vhosts/rapid.l6.com.br/httpdocs/files/MjuugZP";s:4:"size";s:7:"Unknown";s:4:"date";i:1294935809;s:4:"link";s:37:"http://www.fileserve.com/file/MjuugZP";s:7:"comment";s:0:"";}
a:5:{s:4:"name";s:69:"/var/www/vhosts/rapid.l6.com.br/httpdocs/files/Downstream.720.avi.002";s:4:"size";s:9:"999.00 MB";s:4:"date";i:1294936139;s:4:"link";s:91:"http://www1358.megaupload.com/files/a33790e1e65ca2abd1eb153a9e9532ef/Downstream.720.avi.002";s:7:"comment";s:0:"";}
a:5:{s:4:"name";s:68:"/var/www/vhosts/rapid.l6.com.br/httpdocs/files/The.Sky.Crawlers..avi";s:4:"size";s:9:"814.58 MB";s:4:"date";i:1294936651;s:4:"link";s:90:"http://www1355.megaupload.com/files/64113d88217a0fc2d2d75b38c4b549a4/The.Sky.Crawlers..avi";s:7:"comment";s:0:"";}
a:5:{s:4:"name";s:75:"/var/www/vhosts/rapid.l6.com.br/httpdocs/files/Rare.Exports.2010.DVDRip.avi";s:4:"size";s:9:"871.75 MB";s:4:"date";i:1294937574;s:4:"link";s:97:"http://www1289.megaupload.com/files/7b3c04993e5736d338329de4b5e52f8a/Rare.Exports.2010.DVDRip.avi";s:7:"comment";s:0:"";}
a:5:{s:4:"name";s:55:"/var/www/vhosts/rapid.l6.com.br/httpdocs/files/UNA3.avi";s:4:"size";s:9:"836.85 MB";s:4:"date";i:1294948174;s:4:"link";s:76:"http://www190.megaupload.com/files/63da406a26b17220e655c731bcbd257b/UNA3.avi";s:7:"comment";s:0:"";}
a:5:{s:4:"name";s:54:"/var/www/vhosts/rapid.l6.com.br/httpdocs/files/2Ch6rdM";s:4:"size";s:7:"Unknown";s:4:"date";i:1294948246;s:4:"link";s:37:"http://www.fileserve.com/file/2Ch6rdM";s:7:"comment";s:0:"";}
a:5:{s:4:"name";s:55:"/var/www/vhosts/rapid.l6.com.br/httpdocs/files/UNA2.avi";s:4:"size";s:9:"703.09 MB";s:4:"date";i:1294948573;s:4:"link";s:76:"http://www270.megaupload.com/files/246959d961026b9349646b3c3485863d/UNA2.avi";s:7:"comment";s:0:"";}
a:5:{s:4:"name";s:54:"/var/www/vhosts/rapid.l6.com.br/httpdocs/files/UNA.avi";s:4:"size";s:9:"781.31 MB";s:4:"date";i:1294948849;s:4:"link";s:76:"http://www1309.megaupload.com/files/e44eae04a1259c4ea8f707db6a25899d/UNA.avi";s:7:"comment";s:0:"";}
